// Code generated by go generate; DO NOT EDIT!

package registry

import (
	"github.com/a-peyrard/godi"
	"github.com/test/simple"
)

func (Registry) Register(resolver *godi.Resolver) {
	resolver.MustRegister(
		simple.NewHelloService,
		godi.Named("hello.service"),
		godi.Description(`provides a greeting service
Is a service providing hello functionality.
This service can be used to greet users.
This is "really" a 'complex' service with multiple lines of description.`),
	)
}
