// Code generated by go generate; DO NOT EDIT!

package registry

import (
	"github.com/a-peyrard/godi"
	"github.com/test/simple"
)

func (Registry) Register(resolver *godi.Resolver) {
	resolver.MustRegister(
		simple.NewHelloService,
		godi.Named("hello.service"),
		godi.Description("HelloService provides a greeting service"),
	)
}
