// Code generated by go generate; DO NOT EDIT!

package services

import (
	"github.com/a-peyrard/godi"
	"github.com/test/decorator"
)

func (Registry) Register(resolver *godi.Resolver) {
	resolver.MustRegister(
		decorator.DecorateWithLogging,
		godi.Decorate("hello.service"),
		godi.Description("Adds logging to the hello service"),
		godi.Dependencies(
			godi.Inject.Named("logger"),
		),
	)
}
